Archive member included to satisfy reference by file (symbol)

/mnt/Work/dev/avr-gcc-12.1.0-x64-linux/bin/../lib/gcc/avr/12.1.0/avr5/libgcc.a(_exit.o)
                              /mnt/Work/dev/avr-gcc-12.1.0-x64-linux/bin/../lib/gcc/avr/12.1.0/../../../../avr/lib/avr5/crtatmega32u4.o (exit)
/mnt/Work/dev/avr-gcc-12.1.0-x64-linux/bin/../lib/gcc/avr/12.1.0/avr5/libgcc.a(_tablejump2.o)
                              Caterina.o (__tablejump2__)
/mnt/Work/dev/avr-gcc-12.1.0-x64-linux/bin/../lib/gcc/avr/12.1.0/avr5/libgcc.a(_copy_data.o)
                              Caterina.o (__do_copy_data)
/mnt/Work/dev/avr-gcc-12.1.0-x64-linux/bin/../lib/gcc/avr/12.1.0/avr5/libgcc.a(_clear_bss.o)
                              Caterina.o (__do_clear_bss)
/mnt/Work/dev/avr-gcc-12.1.0-x64-linux/bin/../lib/gcc/avr/12.1.0/../../../../avr/lib/avr5/libc.a(memmove.o)
                              LUFA/LUFA/Drivers/USB/Class/Common/HIDParser.o (memmove)
/mnt/Work/dev/avr-gcc-12.1.0-x64-linux/bin/../lib/gcc/avr/12.1.0/../../../../avr/lib/avr5/libc.a(memcpy.o)
                              /mnt/Work/dev/avr-gcc-12.1.0-x64-linux/bin/../lib/gcc/avr/12.1.0/../../../../avr/lib/avr5/libc.a(memmove.o) (memcpy)
/mnt/Work/dev/avr-gcc-12.1.0-x64-linux/bin/../lib/gcc/avr/12.1.0/../../../../avr/lib/avr5/libatmega32u4.a(eerd_byte.o)
                              Caterina.o (eeprom_read_byte)
/mnt/Work/dev/avr-gcc-12.1.0-x64-linux/bin/../lib/gcc/avr/12.1.0/../../../../avr/lib/avr5/libatmega32u4.a(eeupd_byte.o)
                              LUFA/LUFA/Drivers/USB/Core/AVR8/EndpointStream_AVR8.o (eeprom_update_byte)
/mnt/Work/dev/avr-gcc-12.1.0-x64-linux/bin/../lib/gcc/avr/12.1.0/../../../../avr/lib/avr5/libatmega32u4.a(eewr_byte.o)
                              Caterina.o (eeprom_write_byte)

Discarded input sections

 .data          0x0000000000000000        0x0 /mnt/Work/dev/avr-gcc-12.1.0-x64-linux/bin/../lib/gcc/avr/12.1.0/../../../../avr/lib/avr5/crtatmega32u4.o
 .bss           0x0000000000000000        0x0 /mnt/Work/dev/avr-gcc-12.1.0-x64-linux/bin/../lib/gcc/avr/12.1.0/../../../../avr/lib/avr5/crtatmega32u4.o
 .text          0x0000000000000000        0x0 Caterina.o
 .rodata        0x0000000000000000        0x2 Caterina.o
 .text          0x0000000000000000        0x0 Descriptors.o
 .data          0x0000000000000000        0x0 Descriptors.o
 .bss           0x0000000000000000        0x0 Descriptors.o
 .text          0x0000000000000000        0x0 LUFA/LUFA/Drivers/USB/Core/AVR8/Device_AVR8.o
 .data          0x0000000000000000        0x0 LUFA/LUFA/Drivers/USB/Core/AVR8/Device_AVR8.o
 .bss           0x0000000000000000        0x0 LUFA/LUFA/Drivers/USB/Core/AVR8/Device_AVR8.o
 .text.USB_Device_SendRemoteWakeup
                0x0000000000000000       0x2c LUFA/LUFA/Drivers/USB/Core/AVR8/Device_AVR8.o
 .debug_info    0x0000000000000000       0xf5 LUFA/LUFA/Drivers/USB/Core/AVR8/Device_AVR8.o
 .debug_abbrev  0x0000000000000000       0x91 LUFA/LUFA/Drivers/USB/Core/AVR8/Device_AVR8.o
 .debug_aranges
                0x0000000000000000       0x20 LUFA/LUFA/Drivers/USB/Core/AVR8/Device_AVR8.o
 .debug_ranges  0x0000000000000000       0x10 LUFA/LUFA/Drivers/USB/Core/AVR8/Device_AVR8.o
 .debug_line    0x0000000000000000      0x1da LUFA/LUFA/Drivers/USB/Core/AVR8/Device_AVR8.o
 .debug_str     0x0000000000000000      0x210 LUFA/LUFA/Drivers/USB/Core/AVR8/Device_AVR8.o
 .comment       0x0000000000000000       0x13 LUFA/LUFA/Drivers/USB/Core/AVR8/Device_AVR8.o
 .debug_frame   0x0000000000000000       0x24 LUFA/LUFA/Drivers/USB/Core/AVR8/Device_AVR8.o
 .text          0x0000000000000000        0x0 LUFA/LUFA/Drivers/USB/Core/AVR8/Endpoint_AVR8.o
 .data          0x0000000000000000        0x0 LUFA/LUFA/Drivers/USB/Core/AVR8/Endpoint_AVR8.o
 .bss           0x0000000000000000        0x0 LUFA/LUFA/Drivers/USB/Core/AVR8/Endpoint_AVR8.o
 .text.Endpoint_ClearEndpoints
                0x0000000000000000       0x28 LUFA/LUFA/Drivers/USB/Core/AVR8/Endpoint_AVR8.o
 .text.Endpoint_WaitUntilReady
                0x0000000000000000       0x60 LUFA/LUFA/Drivers/USB/Core/AVR8/Endpoint_AVR8.o
 .text          0x0000000000000000        0x0 LUFA/LUFA/Drivers/USB/Core/AVR8/Host_AVR8.o
 .data          0x0000000000000000        0x0 LUFA/LUFA/Drivers/USB/Core/AVR8/Host_AVR8.o
 .bss           0x0000000000000000        0x0 LUFA/LUFA/Drivers/USB/Core/AVR8/Host_AVR8.o
 .debug_line    0x0000000000000000        0x0 LUFA/LUFA/Drivers/USB/Core/AVR8/Host_AVR8.o
 .debug_str     0x0000000000000000      0x151 LUFA/LUFA/Drivers/USB/Core/AVR8/Host_AVR8.o
 .comment       0x0000000000000000       0x13 LUFA/LUFA/Drivers/USB/Core/AVR8/Host_AVR8.o
 .text          0x0000000000000000        0x0 LUFA/LUFA/Drivers/USB/Core/AVR8/Pipe_AVR8.o
 .data          0x0000000000000000        0x0 LUFA/LUFA/Drivers/USB/Core/AVR8/Pipe_AVR8.o
 .bss           0x0000000000000000        0x0 LUFA/LUFA/Drivers/USB/Core/AVR8/Pipe_AVR8.o
 .debug_line    0x0000000000000000        0x0 LUFA/LUFA/Drivers/USB/Core/AVR8/Pipe_AVR8.o
 .debug_str     0x0000000000000000      0x151 LUFA/LUFA/Drivers/USB/Core/AVR8/Pipe_AVR8.o
 .comment       0x0000000000000000       0x13 LUFA/LUFA/Drivers/USB/Core/AVR8/Pipe_AVR8.o
 .text          0x0000000000000000        0x0 LUFA/LUFA/Drivers/USB/Core/AVR8/USBController_AVR8.o
 .data          0x0000000000000000        0x0 LUFA/LUFA/Drivers/USB/Core/AVR8/USBController_AVR8.o
 .bss           0x0000000000000000        0x0 LUFA/LUFA/Drivers/USB/Core/AVR8/USBController_AVR8.o
 .text.USB_Disable
                0x0000000000000000       0x34 LUFA/LUFA/Drivers/USB/Core/AVR8/USBController_AVR8.o
 .text          0x0000000000000000        0x0 LUFA/LUFA/Drivers/USB/Core/AVR8/USBInterrupt_AVR8.o
 .data          0x0000000000000000        0x0 LUFA/LUFA/Drivers/USB/Core/AVR8/USBInterrupt_AVR8.o
 .bss           0x0000000000000000        0x0 LUFA/LUFA/Drivers/USB/Core/AVR8/USBInterrupt_AVR8.o
 .text          0x0000000000000000        0x0 LUFA/LUFA/Drivers/USB/Core/AVR8/EndpointStream_AVR8.o
 .data          0x0000000000000000        0x0 LUFA/LUFA/Drivers/USB/Core/AVR8/EndpointStream_AVR8.o
 .bss           0x0000000000000000        0x0 LUFA/LUFA/Drivers/USB/Core/AVR8/EndpointStream_AVR8.o
 .text.Endpoint_Discard_Stream
                0x0000000000000000       0x8a LUFA/LUFA/Drivers/USB/Core/AVR8/EndpointStream_AVR8.o
 .text.Endpoint_Null_Stream
                0x0000000000000000       0x8a LUFA/LUFA/Drivers/USB/Core/AVR8/EndpointStream_AVR8.o
 .text.Endpoint_Write_Stream_LE
                0x0000000000000000       0xa2 LUFA/LUFA/Drivers/USB/Core/AVR8/EndpointStream_AVR8.o
 .text.Endpoint_Write_Stream_BE
                0x0000000000000000       0xac LUFA/LUFA/Drivers/USB/Core/AVR8/EndpointStream_AVR8.o
 .text.Endpoint_Read_Stream_LE
                0x0000000000000000       0xa2 LUFA/LUFA/Drivers/USB/Core/AVR8/EndpointStream_AVR8.o
 .text.Endpoint_Read_Stream_BE
                0x0000000000000000       0xac LUFA/LUFA/Drivers/USB/Core/AVR8/EndpointStream_AVR8.o
 .text.Endpoint_Write_PStream_LE
                0x0000000000000000       0xa4 LUFA/LUFA/Drivers/USB/Core/AVR8/EndpointStream_AVR8.o
 .text.Endpoint_Write_PStream_BE
                0x0000000000000000       0xae LUFA/LUFA/Drivers/USB/Core/AVR8/EndpointStream_AVR8.o
 .text.Endpoint_Write_EStream_LE
                0x0000000000000000       0xa6 LUFA/LUFA/Drivers/USB/Core/AVR8/EndpointStream_AVR8.o
 .text.Endpoint_Write_EStream_BE
                0x0000000000000000       0xb0 LUFA/LUFA/Drivers/USB/Core/AVR8/EndpointStream_AVR8.o
 .text.Endpoint_Read_EStream_LE
                0x0000000000000000       0xa6 LUFA/LUFA/Drivers/USB/Core/AVR8/EndpointStream_AVR8.o
 .text.Endpoint_Read_EStream_BE
                0x0000000000000000       0xb0 LUFA/LUFA/Drivers/USB/Core/AVR8/EndpointStream_AVR8.o
 .text.Endpoint_Write_Control_Stream_BE
                0x0000000000000000       0xb8 LUFA/LUFA/Drivers/USB/Core/AVR8/EndpointStream_AVR8.o
 .text.Endpoint_Read_Control_Stream_BE
                0x0000000000000000       0x76 LUFA/LUFA/Drivers/USB/Core/AVR8/EndpointStream_AVR8.o
 .text.Endpoint_Write_Control_PStream_LE
                0x0000000000000000       0xaa LUFA/LUFA/Drivers/USB/Core/AVR8/EndpointStream_AVR8.o
 .text.Endpoint_Write_Control_PStream_BE
                0x0000000000000000       0xba LUFA/LUFA/Drivers/USB/Core/AVR8/EndpointStream_AVR8.o
 .text.Endpoint_Write_Control_EStream_LE
                0x0000000000000000       0xce LUFA/LUFA/Drivers/USB/Core/AVR8/EndpointStream_AVR8.o
 .text.Endpoint_Write_Control_EStream_BE
                0x0000000000000000       0xd8 LUFA/LUFA/Drivers/USB/Core/AVR8/EndpointStream_AVR8.o
 .text.Endpoint_Read_Control_EStream_LE
                0x0000000000000000       0x82 LUFA/LUFA/Drivers/USB/Core/AVR8/EndpointStream_AVR8.o
 .text.Endpoint_Read_Control_EStream_BE
                0x0000000000000000       0x8a LUFA/LUFA/Drivers/USB/Core/AVR8/EndpointStream_AVR8.o
 .text          0x0000000000000000        0x0 LUFA/LUFA/Drivers/USB/Core/AVR8/PipeStream_AVR8.o
 .data          0x0000000000000000        0x0 LUFA/LUFA/Drivers/USB/Core/AVR8/PipeStream_AVR8.o
 .bss           0x0000000000000000        0x0 LUFA/LUFA/Drivers/USB/Core/AVR8/PipeStream_AVR8.o
 .debug_line    0x0000000000000000        0x0 LUFA/LUFA/Drivers/USB/Core/AVR8/PipeStream_AVR8.o
 .debug_str     0x0000000000000000      0x157 LUFA/LUFA/Drivers/USB/Core/AVR8/PipeStream_AVR8.o
 .comment       0x0000000000000000       0x13 LUFA/LUFA/Drivers/USB/Core/AVR8/PipeStream_AVR8.o
 .text          0x0000000000000000        0x0 LUFA/LUFA/Drivers/USB/Core/ConfigDescriptor.o
 .data          0x0000000000000000        0x0 LUFA/LUFA/Drivers/USB/Core/ConfigDescriptor.o
 .bss           0x0000000000000000        0x0 LUFA/LUFA/Drivers/USB/Core/ConfigDescriptor.o
 .text.USB_GetNextDescriptorOfType
                0x0000000000000000       0x4a LUFA/LUFA/Drivers/USB/Core/ConfigDescriptor.o
 .text.USB_GetNextDescriptorOfTypeBefore
                0x0000000000000000       0x52 LUFA/LUFA/Drivers/USB/Core/ConfigDescriptor.o
 .text.USB_GetNextDescriptorOfTypeAfter
                0x0000000000000000       0x3e LUFA/LUFA/Drivers/USB/Core/ConfigDescriptor.o
 .text.USB_GetNextDescriptorComp
                0x0000000000000000       0x86 LUFA/LUFA/Drivers/USB/Core/ConfigDescriptor.o
 .debug_info    0x0000000000000000      0x45f LUFA/LUFA/Drivers/USB/Core/ConfigDescriptor.o
 .debug_abbrev  0x0000000000000000      0x1c6 LUFA/LUFA/Drivers/USB/Core/ConfigDescriptor.o
 .debug_loc     0x0000000000000000      0x55f LUFA/LUFA/Drivers/USB/Core/ConfigDescriptor.o
 .debug_aranges
                0x0000000000000000       0x38 LUFA/LUFA/Drivers/USB/Core/ConfigDescriptor.o
 .debug_ranges  0x0000000000000000       0x28 LUFA/LUFA/Drivers/USB/Core/ConfigDescriptor.o
 .debug_line    0x0000000000000000      0x438 LUFA/LUFA/Drivers/USB/Core/ConfigDescriptor.o
 .debug_str     0x0000000000000000      0x3fd LUFA/LUFA/Drivers/USB/Core/ConfigDescriptor.o
 .comment       0x0000000000000000       0x13 LUFA/LUFA/Drivers/USB/Core/ConfigDescriptor.o
 .debug_frame   0x0000000000000000       0xbc LUFA/LUFA/Drivers/USB/Core/ConfigDescriptor.o
 .text          0x0000000000000000        0x0 LUFA/LUFA/Drivers/USB/Core/DeviceStandardReq.o
 .data          0x0000000000000000        0x0 LUFA/LUFA/Drivers/USB/Core/DeviceStandardReq.o
 .text          0x0000000000000000        0x0 LUFA/LUFA/Drivers/USB/Core/Events.o
 .data          0x0000000000000000        0x0 LUFA/LUFA/Drivers/USB/Core/Events.o
 .bss           0x0000000000000000        0x0 LUFA/LUFA/Drivers/USB/Core/Events.o
 .text          0x0000000000000000        0x0 LUFA/LUFA/Drivers/USB/Core/HostStandardReq.o
 .data          0x0000000000000000        0x0 LUFA/LUFA/Drivers/USB/Core/HostStandardReq.o
 .bss           0x0000000000000000        0x0 LUFA/LUFA/Drivers/USB/Core/HostStandardReq.o
 .debug_line    0x0000000000000000        0x0 LUFA/LUFA/Drivers/USB/Core/HostStandardReq.o
 .debug_str     0x0000000000000000      0x152 LUFA/LUFA/Drivers/USB/Core/HostStandardReq.o
 .comment       0x0000000000000000       0x13 LUFA/LUFA/Drivers/USB/Core/HostStandardReq.o
 .text          0x0000000000000000        0x0 LUFA/LUFA/Drivers/USB/Core/USBTask.o
 .data          0x0000000000000000        0x0 LUFA/LUFA/Drivers/USB/Core/USBTask.o
 .text          0x0000000000000000        0x0 LUFA/LUFA/Drivers/USB/Class/Common/HIDParser.o
 .data          0x0000000000000000        0x0 LUFA/LUFA/Drivers/USB/Class/Common/HIDParser.o
 .bss           0x0000000000000000        0x0 LUFA/LUFA/Drivers/USB/Class/Common/HIDParser.o
 .text.USB_ProcessHIDReport
                0x0000000000000000      0x700 LUFA/LUFA/Drivers/USB/Class/Common/HIDParser.o
 .text.USB_GetHIDReportItemInfo
                0x0000000000000000       0xb6 LUFA/LUFA/Drivers/USB/Class/Common/HIDParser.o
 .text.USB_SetHIDReportItemInfo
                0x0000000000000000       0xc6 LUFA/LUFA/Drivers/USB/Class/Common/HIDParser.o
 .text.USB_GetHIDReportSize
                0x0000000000000000       0x56 LUFA/LUFA/Drivers/USB/Class/Common/HIDParser.o
 .debug_info    0x0000000000000000      0x83e LUFA/LUFA/Drivers/USB/Class/Common/HIDParser.o
 .debug_abbrev  0x0000000000000000      0x27b LUFA/LUFA/Drivers/USB/Class/Common/HIDParser.o
 .debug_loc     0x0000000000000000      0xc00 LUFA/LUFA/Drivers/USB/Class/Common/HIDParser.o
 .debug_aranges
                0x0000000000000000       0x38 LUFA/LUFA/Drivers/USB/Class/Common/HIDParser.o
 .debug_ranges  0x0000000000000000       0xe0 LUFA/LUFA/Drivers/USB/Class/Common/HIDParser.o
 .debug_line    0x0000000000000000      0xdb2 LUFA/LUFA/Drivers/USB/Class/Common/HIDParser.o
 .debug_str     0x0000000000000000      0x6ee LUFA/LUFA/Drivers/USB/Class/Common/HIDParser.o
 .comment       0x0000000000000000       0x13 LUFA/LUFA/Drivers/USB/Class/Common/HIDParser.o
 .debug_frame   0x0000000000000000      0x114 LUFA/LUFA/Drivers/USB/Class/Common/HIDParser.o
 .text          0x0000000000000000        0x0 /mnt/Work/dev/avr-gcc-12.1.0-x64-linux/bin/../lib/gcc/avr/12.1.0/avr5/libgcc.a(_exit.o)
 .data          0x0000000000000000        0x0 /mnt/Work/dev/avr-gcc-12.1.0-x64-linux/bin/../lib/gcc/avr/12.1.0/avr5/libgcc.a(_exit.o)
 .bss           0x0000000000000000        0x0 /mnt/Work/dev/avr-gcc-12.1.0-x64-linux/bin/../lib/gcc/avr/12.1.0/avr5/libgcc.a(_exit.o)
 .text.libgcc.mul
                0x0000000000000000        0x0 /mnt/Work/dev/avr-gcc-12.1.0-x64-linux/bin/../lib/gcc/avr/12.1.0/avr5/libgcc.a(_exit.o)
 .text.libgcc.div
                0x0000000000000000        0x0 /mnt/Work/dev/avr-gcc-12.1.0-x64-linux/bin/../lib/gcc/avr/12.1.0/avr5/libgcc.a(_exit.o)
 .text.libgcc   0x0000000000000000        0x0 /mnt/Work/dev/avr-gcc-12.1.0-x64-linux/bin/../lib/gcc/avr/12.1.0/avr5/libgcc.a(_exit.o)
 .text.libgcc.prologue
                0x0000000000000000        0x0 /mnt/Work/dev/avr-gcc-12.1.0-x64-linux/bin/../lib/gcc/avr/12.1.0/avr5/libgcc.a(_exit.o)
 .text.libgcc.builtins
                0x0000000000000000        0x0 /mnt/Work/dev/avr-gcc-12.1.0-x64-linux/bin/../lib/gcc/avr/12.1.0/avr5/libgcc.a(_exit.o)
 .text.libgcc.fmul
                0x0000000000000000        0x0 /mnt/Work/dev/avr-gcc-12.1.0-x64-linux/bin/../lib/gcc/avr/12.1.0/avr5/libgcc.a(_exit.o)
 .text.libgcc.fixed
                0x0000000000000000        0x0 /mnt/Work/dev/avr-gcc-12.1.0-x64-linux/bin/../lib/gcc/avr/12.1.0/avr5/libgcc.a(_exit.o)
 .text          0x0000000000000000        0x0 /mnt/Work/dev/avr-gcc-12.1.0-x64-linux/bin/../lib/gcc/avr/12.1.0/avr5/libgcc.a(_tablejump2.o)
 .data          0x0000000000000000        0x0 /mnt/Work/dev/avr-gcc-12.1.0-x64-linux/bin/../lib/gcc/avr/12.1.0/avr5/libgcc.a(_tablejump2.o)
 .bss           0x0000000000000000        0x0 /mnt/Work/dev/avr-gcc-12.1.0-x64-linux/bin/../lib/gcc/avr/12.1.0/avr5/libgcc.a(_tablejump2.o)
 .text.libgcc.mul
                0x0000000000000000        0x0 /mnt/Work/dev/avr-gcc-12.1.0-x64-linux/bin/../lib/gcc/avr/12.1.0/avr5/libgcc.a(_tablejump2.o)
 .text.libgcc.div
                0x0000000000000000        0x0 /mnt/Work/dev/avr-gcc-12.1.0-x64-linux/bin/../lib/gcc/avr/12.1.0/avr5/libgcc.a(_tablejump2.o)
 .text.libgcc.prologue
                0x0000000000000000        0x0 /mnt/Work/dev/avr-gcc-12.1.0-x64-linux/bin/../lib/gcc/avr/12.1.0/avr5/libgcc.a(_tablejump2.o)
 .text.libgcc.builtins
                0x0000000000000000        0x0 /mnt/Work/dev/avr-gcc-12.1.0-x64-linux/bin/../lib/gcc/avr/12.1.0/avr5/libgcc.a(_tablejump2.o)
 .text.libgcc.fmul
                0x0000000000000000        0x0 /mnt/Work/dev/avr-gcc-12.1.0-x64-linux/bin/../lib/gcc/avr/12.1.0/avr5/libgcc.a(_tablejump2.o)
 .text.libgcc.fixed
                0x0000000000000000        0x0 /mnt/Work/dev/avr-gcc-12.1.0-x64-linux/bin/../lib/gcc/avr/12.1.0/avr5/libgcc.a(_tablejump2.o)
 .text          0x0000000000000000        0x0 /mnt/Work/dev/avr-gcc-12.1.0-x64-linux/bin/../lib/gcc/avr/12.1.0/avr5/libgcc.a(_copy_data.o)
 .data          0x0000000000000000        0x0 /mnt/Work/dev/avr-gcc-12.1.0-x64-linux/bin/../lib/gcc/avr/12.1.0/avr5/libgcc.a(_copy_data.o)
 .bss           0x0000000000000000        0x0 /mnt/Work/dev/avr-gcc-12.1.0-x64-linux/bin/../lib/gcc/avr/12.1.0/avr5/libgcc.a(_copy_data.o)
 .text.libgcc.mul
                0x0000000000000000        0x0 /mnt/Work/dev/avr-gcc-12.1.0-x64-linux/bin/../lib/gcc/avr/12.1.0/avr5/libgcc.a(_copy_data.o)
 .text.libgcc.div
                0x0000000000000000        0x0 /mnt/Work/dev/avr-gcc-12.1.0-x64-linux/bin/../lib/gcc/avr/12.1.0/avr5/libgcc.a(_copy_data.o)
 .text.libgcc   0x0000000000000000        0x0 /mnt/Work/dev/avr-gcc-12.1.0-x64-linux/bin/../lib/gcc/avr/12.1.0/avr5/libgcc.a(_copy_data.o)
 .text.libgcc.prologue
                0x0000000000000000        0x0 /mnt/Work/dev/avr-gcc-12.1.0-x64-linux/bin/../lib/gcc/avr/12.1.0/avr5/libgcc.a(_copy_data.o)
 .text.libgcc.builtins
                0x0000000000000000        0x0 /mnt/Work/dev/avr-gcc-12.1.0-x64-linux/bin/../lib/gcc/avr/12.1.0/avr5/libgcc.a(_copy_data.o)
 .text.libgcc.fmul
                0x0000000000000000        0x0 /mnt/Work/dev/avr-gcc-12.1.0-x64-linux/bin/../lib/gcc/avr/12.1.0/avr5/libgcc.a(_copy_data.o)
 .text.libgcc.fixed
                0x0000000000000000        0x0 /mnt/Work/dev/avr-gcc-12.1.0-x64-linux/bin/../lib/gcc/avr/12.1.0/avr5/libgcc.a(_copy_data.o)
 .text          0x0000000000000000        0x0 /mnt/Work/dev/avr-gcc-12.1.0-x64-linux/bin/../lib/gcc/avr/12.1.0/avr5/libgcc.a(_clear_bss.o)
 .data          0x0000000000000000        0x0 /mnt/Work/dev/avr-gcc-12.1.0-x64-linux/bin/../lib/gcc/avr/12.1.0/avr5/libgcc.a(_clear_bss.o)
 .bss           0x0000000000000000        0x0 /mnt/Work/dev/avr-gcc-12.1.0-x64-linux/bin/../lib/gcc/avr/12.1.0/avr5/libgcc.a(_clear_bss.o)
 .text.libgcc.mul
                0x0000000000000000        0x0 /mnt/Work/dev/avr-gcc-12.1.0-x64-linux/bin/../lib/gcc/avr/12.1.0/avr5/libgcc.a(_clear_bss.o)
 .text.libgcc.div
                0x0000000000000000        0x0 /mnt/Work/dev/avr-gcc-12.1.0-x64-linux/bin/../lib/gcc/avr/12.1.0/avr5/libgcc.a(_clear_bss.o)
 .text.libgcc   0x0000000000000000        0x0 /mnt/Work/dev/avr-gcc-12.1.0-x64-linux/bin/../lib/gcc/avr/12.1.0/avr5/libgcc.a(_clear_bss.o)
 .text.libgcc.prologue
                0x0000000000000000        0x0 /mnt/Work/dev/avr-gcc-12.1.0-x64-linux/bin/../lib/gcc/avr/12.1.0/avr5/libgcc.a(_clear_bss.o)
 .text.libgcc.builtins
                0x0000000000000000        0x0 /mnt/Work/dev/avr-gcc-12.1.0-x64-linux/bin/../lib/gcc/avr/12.1.0/avr5/libgcc.a(_clear_bss.o)
 .text.libgcc.fmul
                0x0000000000000000        0x0 /mnt/Work/dev/avr-gcc-12.1.0-x64-linux/bin/../lib/gcc/avr/12.1.0/avr5/libgcc.a(_clear_bss.o)
 .text.libgcc.fixed
                0x0000000000000000        0x0 /mnt/Work/dev/avr-gcc-12.1.0-x64-linux/bin/../lib/gcc/avr/12.1.0/avr5/libgcc.a(_clear_bss.o)
 .text          0x0000000000000000        0x0 /mnt/Work/dev/avr-gcc-12.1.0-x64-linux/bin/../lib/gcc/avr/12.1.0/../../../../avr/lib/avr5/libc.a(memmove.o)
 .data          0x0000000000000000        0x0 /mnt/Work/dev/avr-gcc-12.1.0-x64-linux/bin/../lib/gcc/avr/12.1.0/../../../../avr/lib/avr5/libc.a(memmove.o)
 .bss           0x0000000000000000        0x0 /mnt/Work/dev/avr-gcc-12.1.0-x64-linux/bin/../lib/gcc/avr/12.1.0/../../../../avr/lib/avr5/libc.a(memmove.o)
 .text.avr-libc
                0x0000000000000000       0x24 /mnt/Work/dev/avr-gcc-12.1.0-x64-linux/bin/../lib/gcc/avr/12.1.0/../../../../avr/lib/avr5/libc.a(memmove.o)
 .text          0x0000000000000000        0x0 /mnt/Work/dev/avr-gcc-12.1.0-x64-linux/bin/../lib/gcc/avr/12.1.0/../../../../avr/lib/avr5/libc.a(memcpy.o)
 .data          0x0000000000000000        0x0 /mnt/Work/dev/avr-gcc-12.1.0-x64-linux/bin/../lib/gcc/avr/12.1.0/../../../../avr/lib/avr5/libc.a(memcpy.o)
 .bss           0x0000000000000000        0x0 /mnt/Work/dev/avr-gcc-12.1.0-x64-linux/bin/../lib/gcc/avr/12.1.0/../../../../avr/lib/avr5/libc.a(memcpy.o)
 .text.avr-libc
                0x0000000000000000       0x12 /mnt/Work/dev/avr-gcc-12.1.0-x64-linux/bin/../lib/gcc/avr/12.1.0/../../../../avr/lib/avr5/libc.a(memcpy.o)
 .text          0x0000000000000000        0x0 /mnt/Work/dev/avr-gcc-12.1.0-x64-linux/bin/../lib/gcc/avr/12.1.0/../../../../avr/lib/avr5/libatmega32u4.a(eerd_byte.o)
 .data          0x0000000000000000        0x0 /mnt/Work/dev/avr-gcc-12.1.0-x64-linux/bin/../lib/gcc/avr/12.1.0/../../../../avr/lib/avr5/libatmega32u4.a(eerd_byte.o)
 .bss           0x0000000000000000        0x0 /mnt/Work/dev/avr-gcc-12.1.0-x64-linux/bin/../lib/gcc/avr/12.1.0/../../../../avr/lib/avr5/libatmega32u4.a(eerd_byte.o)
 .text          0x0000000000000000        0x0 /mnt/Work/dev/avr-gcc-12.1.0-x64-linux/bin/../lib/gcc/avr/12.1.0/../../../../avr/lib/avr5/libatmega32u4.a(eeupd_byte.o)
 .data          0x0000000000000000        0x0 /mnt/Work/dev/avr-gcc-12.1.0-x64-linux/bin/../lib/gcc/avr/12.1.0/../../../../avr/lib/avr5/libatmega32u4.a(eeupd_byte.o)
 .bss           0x0000000000000000        0x0 /mnt/Work/dev/avr-gcc-12.1.0-x64-linux/bin/../lib/gcc/avr/12.1.0/../../../../avr/lib/avr5/libatmega32u4.a(eeupd_byte.o)
 .text.avr-libc
                0x0000000000000000       0x24 /mnt/Work/dev/avr-gcc-12.1.0-x64-linux/bin/../lib/gcc/avr/12.1.0/../../../../avr/lib/avr5/libatmega32u4.a(eeupd_byte.o)
 .text          0x0000000000000000        0x0 /mnt/Work/dev/avr-gcc-12.1.0-x64-linux/bin/../lib/gcc/avr/12.1.0/../../../../avr/lib/avr5/libatmega32u4.a(eewr_byte.o)
 .data          0x0000000000000000        0x0 /mnt/Work/dev/avr-gcc-12.1.0-x64-linux/bin/../lib/gcc/avr/12.1.0/../../../../avr/lib/avr5/libatmega32u4.a(eewr_byte.o)
 .bss           0x0000000000000000        0x0 /mnt/Work/dev/avr-gcc-12.1.0-x64-linux/bin/../lib/gcc/avr/12.1.0/../../../../avr/lib/avr5/libatmega32u4.a(eewr_byte.o)

Memory Configuration

Name             Origin             Length             Attributes
text             0x0000000000000000 0x0000000000020000 xr
data             0x0000000000800060 0x000000000000ffa0 rw !x
eeprom           0x0000000000810000 0x0000000000010000 rw !x
fuse             0x0000000000820000 0x0000000000000003 rw !x
lock             0x0000000000830000 0x0000000000000400 rw !x
signature        0x0000000000840000 0x0000000000000400 rw !x
user_signatures  0x0000000000850000 0x0000000000000400 rw !x
*default*        0x0000000000000000 0xffffffffffffffff

Linker script and memory map

Address of section .data set to 0x800100
LOAD /mnt/Work/dev/avr-gcc-12.1.0-x64-linux/bin/../lib/gcc/avr/12.1.0/../../../../avr/lib/avr5/crtatmega32u4.o
LOAD Caterina.o
LOAD Descriptors.o
LOAD LUFA/LUFA/Drivers/USB/Core/AVR8/Device_AVR8.o
LOAD LUFA/LUFA/Drivers/USB/Core/AVR8/Endpoint_AVR8.o
LOAD LUFA/LUFA/Drivers/USB/Core/AVR8/Host_AVR8.o
LOAD LUFA/LUFA/Drivers/USB/Core/AVR8/Pipe_AVR8.o
LOAD LUFA/LUFA/Drivers/USB/Core/AVR8/USBController_AVR8.o
LOAD LUFA/LUFA/Drivers/USB/Core/AVR8/USBInterrupt_AVR8.o
LOAD LUFA/LUFA/Drivers/USB/Core/AVR8/EndpointStream_AVR8.o
LOAD LUFA/LUFA/Drivers/USB/Core/AVR8/PipeStream_AVR8.o
LOAD LUFA/LUFA/Drivers/USB/Core/ConfigDescriptor.o
LOAD LUFA/LUFA/Drivers/USB/Core/DeviceStandardReq.o
LOAD LUFA/LUFA/Drivers/USB/Core/Events.o
LOAD LUFA/LUFA/Drivers/USB/Core/HostStandardReq.o
LOAD LUFA/LUFA/Drivers/USB/Core/USBTask.o
LOAD LUFA/LUFA/Drivers/USB/Class/Common/HIDParser.o
Address of section .text set to 0x7000
LOAD /mnt/Work/dev/avr-gcc-12.1.0-x64-linux/bin/../lib/gcc/avr/12.1.0/../../../../avr/lib/avr5/libm.a
START GROUP
LOAD /mnt/Work/dev/avr-gcc-12.1.0-x64-linux/bin/../lib/gcc/avr/12.1.0/avr5/libgcc.a
LOAD /mnt/Work/dev/avr-gcc-12.1.0-x64-linux/bin/../lib/gcc/avr/12.1.0/../../../../avr/lib/avr5/libm.a
LOAD /mnt/Work/dev/avr-gcc-12.1.0-x64-linux/bin/../lib/gcc/avr/12.1.0/../../../../avr/lib/avr5/libc.a
LOAD /mnt/Work/dev/avr-gcc-12.1.0-x64-linux/bin/../lib/gcc/avr/12.1.0/../../../../avr/lib/avr5/libatmega32u4.a
END GROUP
                0x0000000000020000                __TEXT_REGION_LENGTH__ = DEFINED (__TEXT_REGION_LENGTH__)?__TEXT_REGION_LENGTH__:0x20000
                0x000000000000ffa0                __DATA_REGION_LENGTH__ = DEFINED (__DATA_REGION_LENGTH__)?__DATA_REGION_LENGTH__:0xffa0
                0x0000000000010000                __EEPROM_REGION_LENGTH__ = DEFINED (__EEPROM_REGION_LENGTH__)?__EEPROM_REGION_LENGTH__:0x10000
                [0x0000000000000003]                __FUSE_REGION_LENGTH__ = DEFINED (__FUSE_REGION_LENGTH__)?__FUSE_REGION_LENGTH__:0x400
                0x0000000000000400                __LOCK_REGION_LENGTH__ = DEFINED (__LOCK_REGION_LENGTH__)?__LOCK_REGION_LENGTH__:0x400
                0x0000000000000400                __SIGNATURE_REGION_LENGTH__ = DEFINED (__SIGNATURE_REGION_LENGTH__)?__SIGNATURE_REGION_LENGTH__:0x400
                0x0000000000000400                __USER_SIGNATURE_REGION_LENGTH__ = DEFINED (__USER_SIGNATURE_REGION_LENGTH__)?__USER_SIGNATURE_REGION_LENGTH__:0x400

.hash
 *(.hash)

.dynsym
 *(.dynsym)

.dynstr
 *(.dynstr)

.gnu.version
 *(.gnu.version)

.gnu.version_d
 *(.gnu.version_d)

.gnu.version_r
 *(.gnu.version_r)

.rel.init
 *(.rel.init)

.rela.init
 *(.rela.init)

.rel.text
 *(.rel.text)
 *(.rel.text.*)
 *(.rel.gnu.linkonce.t*)

.rela.text
 *(.rela.text)
 *(.rela.text.*)
 *(.rela.gnu.linkonce.t*)

.rel.fini
 *(.rel.fini)

.rela.fini
 *(.rela.fini)

.rel.rodata
 *(.rel.rodata)
 *(.rel.rodata.*)
 *(.rel.gnu.linkonce.r*)

.rela.rodata
 *(.rela.rodata)
 *(.rela.rodata.*)
 *(.rela.gnu.linkonce.r*)

.rel.data
 *(.rel.data)
 *(.rel.data.*)
 *(.rel.gnu.linkonce.d*)

.rela.data
 *(.rela.data)
 *(.rela.data.*)
 *(.rela.gnu.linkonce.d*)

.rel.ctors
 *(.rel.ctors)

.rela.ctors
 *(.rela.ctors)

.rel.dtors
 *(.rel.dtors)

.rela.dtors
 *(.rela.dtors)

.rel.got
 *(.rel.got)

.rela.got
 *(.rela.got)

.rel.bss
 *(.rel.bss)

.rela.bss
 *(.rela.bss)

.rel.plt
 *(.rel.plt)

.rela.plt
 *(.rela.plt)

.text           0x0000000000007000      0xe7c
 *(.vectors)
 .vectors       0x0000000000007000       0xac /mnt/Work/dev/avr-gcc-12.1.0-x64-linux/bin/../lib/gcc/avr/12.1.0/../../../../avr/lib/avr5/crtatmega32u4.o
                0x0000000000007000                __vectors
                0x0000000000007000                __vector_default
 *(.vectors)
 *(.progmem.gcc*)
                0x00000000000070ac                . = ALIGN (0x2)
                0x00000000000070ac                __trampolines_start = .
 *(.trampolines)
 .trampolines   0x00000000000070ac        0x0 linker stubs
 *(.trampolines*)
                0x00000000000070ac                __trampolines_end = .
 *libprintf_flt.a:*(.progmem.data)
 *libc.a:*(.progmem.data)
 *(.progmem.*)
                0x00000000000070ac                . = ALIGN (0x2)
 *(.lowtext)
 *(.lowtext*)
                0x00000000000070ac                __ctors_start = .
 *(.ctors)
                0x00000000000070ac                __ctors_end = .
                0x00000000000070ac                __dtors_start = .
 *(.dtors)
                0x00000000000070ac                __dtors_end = .
 SORT_BY_NAME(*)(.ctors)
 SORT_BY_NAME(*)(.dtors)
 *(.init0)
 .init0         0x00000000000070ac        0x0 /mnt/Work/dev/avr-gcc-12.1.0-x64-linux/bin/../lib/gcc/avr/12.1.0/../../../../avr/lib/avr5/crtatmega32u4.o
                0x00000000000070ac                __init
 *(.init0)
 *(.init1)
 *(.init1)
 *(.init2)
 .init2         0x00000000000070ac        0xc /mnt/Work/dev/avr-gcc-12.1.0-x64-linux/bin/../lib/gcc/avr/12.1.0/../../../../avr/lib/avr5/crtatmega32u4.o
 *(.init2)
 *(.init3)
 *(.init3)
 *(.init4)
 .init4         0x00000000000070b8       0x16 /mnt/Work/dev/avr-gcc-12.1.0-x64-linux/bin/../lib/gcc/avr/12.1.0/avr5/libgcc.a(_copy_data.o)
                0x00000000000070b8                __do_copy_data
 .init4         0x00000000000070ce       0x10 /mnt/Work/dev/avr-gcc-12.1.0-x64-linux/bin/../lib/gcc/avr/12.1.0/avr5/libgcc.a(_clear_bss.o)
                0x00000000000070ce                __do_clear_bss
 *(.init4)
 *(.init5)
 *(.init5)
 *(.init6)
 *(.init6)
 *(.init7)
 *(.init7)
 *(.init8)
 *(.init8)
 *(.init9)
 .init9         0x00000000000070de        0x4 /mnt/Work/dev/avr-gcc-12.1.0-x64-linux/bin/../lib/gcc/avr/12.1.0/../../../../avr/lib/avr5/crtatmega32u4.o
 *(.init9)
 *(.text)
 .text          0x00000000000070e2        0x2 /mnt/Work/dev/avr-gcc-12.1.0-x64-linux/bin/../lib/gcc/avr/12.1.0/../../../../avr/lib/avr5/crtatmega32u4.o
                0x00000000000070e2                __vector_38
                0x00000000000070e2                __vector_22
                0x00000000000070e2                __vector_28
                0x00000000000070e2                __vector_1
                0x00000000000070e2                __vector_32
                0x00000000000070e2                __vector_34
                0x00000000000070e2                __vector_24
                0x00000000000070e2                __vector_12
                0x00000000000070e2                __bad_interrupt
                0x00000000000070e2                __vector_6
                0x00000000000070e2                __vector_31
                0x00000000000070e2                __vector_35
                0x00000000000070e2                __vector_39
                0x00000000000070e2                __vector_3
                0x00000000000070e2                __vector_23
                0x00000000000070e2                __vector_30
                0x00000000000070e2                __vector_25
                0x00000000000070e2                __vector_11
                0x00000000000070e2                __vector_13
                0x00000000000070e2                __vector_19
                0x00000000000070e2                __vector_7
                0x00000000000070e2                __vector_41
                0x00000000000070e2                __vector_27
                0x00000000000070e2                __vector_5
                0x00000000000070e2                __vector_33
                0x00000000000070e2                __vector_37
                0x00000000000070e2                __vector_4
                0x00000000000070e2                __vector_9
                0x00000000000070e2                __vector_2
                0x00000000000070e2                __vector_21
                0x00000000000070e2                __vector_15
                0x00000000000070e2                __vector_36
                0x00000000000070e2                __vector_29
                0x00000000000070e2                __vector_40
                0x00000000000070e2                __vector_8
                0x00000000000070e2                __vector_26
                0x00000000000070e2                __vector_14
                0x00000000000070e2                __vector_16
                0x00000000000070e2                __vector_18
                0x00000000000070e2                __vector_20
                0x00000000000070e2                __vector_42
                0x00000000000070e4                . = ALIGN (0x2)
 *(.text.*)
 .text.FetchNextCommandByte
                0x00000000000070e4       0x2e Caterina.o
 .text.WriteNextResponseByte
                0x0000000000007112       0x3c Caterina.o
 .text.StartSketch
                0x000000000000714e       0x24 Caterina.o
                0x000000000000714e                StartSketch
 .text.LEDPulse
                0x0000000000007172       0x2c Caterina.o
                0x0000000000007172                LEDPulse
 .text.SetupHardware
                0x000000000000719e       0x60 Caterina.o
                0x000000000000719e                SetupHardware
 .text.__vector_17
                0x00000000000071fe       0x82 Caterina.o
                0x00000000000071fe                __vector_17
 .text.EVENT_USB_Device_ConfigurationChanged
                0x0000000000007280       0x18 Caterina.o
                0x0000000000007280                EVENT_USB_Device_ConfigurationChanged
 .text.EVENT_USB_Device_ControlRequest
                0x0000000000007298       0x5c Caterina.o
                0x0000000000007298                EVENT_USB_Device_ControlRequest
 .text.CDC_Task
                0x00000000000072f4      0x448 Caterina.o
                0x00000000000072f4                CDC_Task
 .text.startup.main
                0x000000000000773c       0xa2 Caterina.o
                0x000000000000773c                main
 .text.CALLBACK_USB_GetDescriptor
                0x00000000000077de       0x64 Descriptors.o
                0x00000000000077de                CALLBACK_USB_GetDescriptor
 .text.Endpoint_ConfigureEndpoint_Prv
                0x0000000000007842       0x26 LUFA/LUFA/Drivers/USB/Core/AVR8/Endpoint_AVR8.o
                0x0000000000007842                Endpoint_ConfigureEndpoint_Prv
 .text.Endpoint_ClearStatusStage
                0x0000000000007868       0x3a LUFA/LUFA/Drivers/USB/Core/AVR8/Endpoint_AVR8.o
                0x0000000000007868                Endpoint_ClearStatusStage
 .text.USB_ResetInterface
                0x00000000000078a2       0x76 LUFA/LUFA/Drivers/USB/Core/AVR8/USBController_AVR8.o
                0x00000000000078a2                USB_ResetInterface
 .text.USB_Init
                0x0000000000007918       0x16 LUFA/LUFA/Drivers/USB/Core/AVR8/USBController_AVR8.o
                0x0000000000007918                USB_Init
 .text.USB_INT_DisableAllInterrupts
                0x000000000000792e       0x10 LUFA/LUFA/Drivers/USB/Core/AVR8/USBInterrupt_AVR8.o
                0x000000000000792e                USB_INT_DisableAllInterrupts
 .text.USB_INT_ClearAllInterrupts
                0x000000000000793e        0xa LUFA/LUFA/Drivers/USB/Core/AVR8/USBInterrupt_AVR8.o
                0x000000000000793e                USB_INT_ClearAllInterrupts
 .text.__vector_10
                0x0000000000007948      0x162 LUFA/LUFA/Drivers/USB/Core/AVR8/USBInterrupt_AVR8.o
                0x0000000000007948                __vector_10
 .text.Endpoint_Write_Control_Stream_LE
                0x0000000000007aaa       0xa8 LUFA/LUFA/Drivers/USB/Core/AVR8/EndpointStream_AVR8.o
                0x0000000000007aaa                Endpoint_Write_Control_Stream_LE
 .text.Endpoint_Read_Control_Stream_LE
                0x0000000000007b52       0x6a LUFA/LUFA/Drivers/USB/Core/AVR8/EndpointStream_AVR8.o
                0x0000000000007b52                Endpoint_Read_Control_Stream_LE
 .text.USB_Device_ProcessControlRequest
                0x0000000000007bbc      0x1e4 LUFA/LUFA/Drivers/USB/Core/DeviceStandardReq.o
                0x0000000000007bbc                USB_Device_ProcessControlRequest
 .text.USB_Event_Stub
                0x0000000000007da0        0x2 LUFA/LUFA/Drivers/USB/Core/Events.o
                0x0000000000007da0                EVENT_USB_Device_Connect
                0x0000000000007da0                EVENT_USB_Device_WakeUp
                0x0000000000007da0                USB_Event_Stub
                0x0000000000007da0                EVENT_USB_Device_Suspend
                0x0000000000007da0                EVENT_USB_Device_StartOfFrame
                0x0000000000007da0                EVENT_USB_Device_Disconnect
                0x0000000000007da0                EVENT_USB_Device_Reset
 .text.USB_USBTask
                0x0000000000007da2       0x22 LUFA/LUFA/Drivers/USB/Core/USBTask.o
                0x0000000000007da2                USB_USBTask
 .text.libgcc   0x0000000000007dc4        0xc /mnt/Work/dev/avr-gcc-12.1.0-x64-linux/bin/../lib/gcc/avr/12.1.0/avr5/libgcc.a(_tablejump2.o)
                0x0000000000007dc4                __tablejump2__
 .text.avr-libc
                0x0000000000007dd0       0x10 /mnt/Work/dev/avr-gcc-12.1.0-x64-linux/bin/../lib/gcc/avr/12.1.0/../../../../avr/lib/avr5/libatmega32u4.a(eerd_byte.o)
                0x0000000000007dd0                eeprom_read_byte
 .text.avr-libc
                0x0000000000007de0       0x1c /mnt/Work/dev/avr-gcc-12.1.0-x64-linux/bin/../lib/gcc/avr/12.1.0/../../../../avr/lib/avr5/libatmega32u4.a(eewr_byte.o)
                0x0000000000007de0                eeprom_write_byte
                0x0000000000007de2                eeprom_write_r18
                0x0000000000007dfc                . = ALIGN (0x2)
 *(.fini9)
 .fini9         0x0000000000007dfc        0x0 /mnt/Work/dev/avr-gcc-12.1.0-x64-linux/bin/../lib/gcc/avr/12.1.0/avr5/libgcc.a(_exit.o)
                0x0000000000007dfc                exit
                0x0000000000007dfc                _exit
 *(.fini9)
 *(.fini8)
 *(.fini8)
 *(.fini7)
 *(.fini7)
 *(.fini6)
 *(.fini6)
 *(.fini5)
 *(.fini5)
 *(.fini4)
 *(.fini4)
 *(.fini3)
 *(.fini3)
 *(.fini2)
 *(.fini2)
 *(.fini1)
 *(.fini1)
 *(.fini0)
 .fini0         0x0000000000007dfc        0x4 /mnt/Work/dev/avr-gcc-12.1.0-x64-linux/bin/../lib/gcc/avr/12.1.0/avr5/libgcc.a(_exit.o)
 *(.fini0)
 *(.hightext)
 *(.hightext*)
 *(.progmemx.*)
                0x0000000000007e00                . = ALIGN (0x2)
 *(.jumptables)
 *(.jumptables*)
 .jumptables.gcc.CDC_Task
                0x0000000000007e00       0x68 Caterina.o
 .jumptables.gcc.USB_Device_ProcessControlRequest
                0x0000000000007e68       0x14 LUFA/LUFA/Drivers/USB/Core/DeviceStandardReq.o
                0x0000000000007e7c                _etext = .

.data           0x0000000000800100       0xbe load address 0x0000000000007e7c
                0x0000000000800100                PROVIDE (__data_start = .)
 *(.data)
 .data          0x0000000000800100        0xa Caterina.o
                0x0000000000800100                bootKey
 *(.data*)
 *(.gnu.linkonce.d*)
 *(.rodata)
 .rodata        0x000000000080010a       0xaa Descriptors.o
                0x000000000080010a                ManufNameString
                0x0000000000800140                ProductString
                0x0000000000800160                LanguageString
                0x0000000000800164                ConfigurationDescriptor
                0x00000000008001a2                DeviceDescriptor
 *(.rodata*)
 .rodata.str1.1
                0x00000000008001b4        0x9 Caterina.o
 *(.gnu.linkonce.r*)
                0x00000000008001be                . = ALIGN (0x2)
 *fill*         0x00000000008001bd        0x1 
                0x00000000008001be                _edata = .
                0x00000000008001be                PROVIDE (__data_end = .)

.bss            0x00000000008001be       0x16
                0x00000000008001be                PROVIDE (__bss_start = .)
 *(.bss)
 .bss           0x00000000008001be        0xc Caterina.o
                0x00000000008001be                LLEDPulse
                0x00000000008001c0                Timeout
                0x00000000008001c2                RxLEDPulse
                0x00000000008001c4                TxLEDPulse
 .bss           0x00000000008001ca        0x1 LUFA/LUFA/Drivers/USB/Core/DeviceStandardReq.o
                0x00000000008001ca                USB_Device_ConfigurationNumber
 .bss           0x00000000008001cb        0x9 LUFA/LUFA/Drivers/USB/Core/USBTask.o
                0x00000000008001cb                USB_ControlRequest
                0x00000000008001d3                USB_IsInitialized
 *(.bss*)
 *(COMMON)
                0x00000000008001d4                PROVIDE (__bss_end = .)
                0x0000000000007e7c                __data_load_start = LOADADDR (.data)
                0x0000000000007f3a                __data_load_end = (__data_load_start + SIZEOF (.data))

.noinit         0x00000000008001d4        0x0
                [!provide]                        PROVIDE (__noinit_start = .)
 *(.noinit .noinit.* .gnu.linkonce.n.*)
                [!provide]                        PROVIDE (__noinit_end = .)
                0x00000000008001d4                _end = .
                [!provide]                        PROVIDE (__heap_start = .)

.eeprom         0x0000000000810000        0x0
 *(.eeprom*)
                0x0000000000810000                __eeprom_end = .

.fuse
 *(.fuse)
 *(.lfuse)
 *(.hfuse)
 *(.efuse)

.lock
 *(.lock*)

.signature
 *(.signature*)

.stab
 *(.stab)

.stabstr
 *(.stabstr)

.stab.excl
 *(.stab.excl)

.stab.exclstr
 *(.stab.exclstr)

.stab.index
 *(.stab.index)

.stab.indexstr
 *(.stab.indexstr)

.comment        0x0000000000000000       0x24
 *(.comment)
 .comment       0x0000000000000000       0x12 Caterina.o
                                         0x13 (size before relaxing)
 .comment       0x0000000000000012       0x12 Descriptors.o
                                         0x13 (size before relaxing)
 .comment       0x0000000000000024       0x13 LUFA/LUFA/Drivers/USB/Core/AVR8/Endpoint_AVR8.o
 .comment       0x0000000000000024       0x13 LUFA/LUFA/Drivers/USB/Core/AVR8/USBController_AVR8.o
 .comment       0x0000000000000024       0x13 LUFA/LUFA/Drivers/USB/Core/AVR8/USBInterrupt_AVR8.o
 .comment       0x0000000000000024       0x13 LUFA/LUFA/Drivers/USB/Core/AVR8/EndpointStream_AVR8.o
 .comment       0x0000000000000024       0x13 LUFA/LUFA/Drivers/USB/Core/DeviceStandardReq.o
 .comment       0x0000000000000024       0x13 LUFA/LUFA/Drivers/USB/Core/Events.o
 .comment       0x0000000000000024       0x13 LUFA/LUFA/Drivers/USB/Core/USBTask.o

.note.gnu.avr.deviceinfo
                0x0000000000000000       0x40
 .note.gnu.avr.deviceinfo
                0x0000000000000000       0x40 /mnt/Work/dev/avr-gcc-12.1.0-x64-linux/bin/../lib/gcc/avr/12.1.0/../../../../avr/lib/avr5/crtatmega32u4.o

.note.gnu.build-id
 *(.note.gnu.build-id)

.debug
 *(.debug)

.line
 *(.line)

.debug_srcinfo
 *(.debug_srcinfo)

.debug_sfnames
 *(.debug_sfnames)

.debug_aranges  0x0000000000000000      0x2c8
 *(.debug_aranges)
 .debug_aranges
                0x0000000000000000       0x68 Caterina.o
 .debug_aranges
                0x0000000000000068       0x20 Descriptors.o
 .debug_aranges
                0x0000000000000088       0x38 LUFA/LUFA/Drivers/USB/Core/AVR8/Endpoint_AVR8.o
 .debug_aranges
                0x00000000000000c0       0x30 LUFA/LUFA/Drivers/USB/Core/AVR8/USBController_AVR8.o
 .debug_aranges
                0x00000000000000f0       0x30 LUFA/LUFA/Drivers/USB/Core/AVR8/USBInterrupt_AVR8.o
 .debug_aranges
                0x0000000000000120       0xc8 LUFA/LUFA/Drivers/USB/Core/AVR8/EndpointStream_AVR8.o
 .debug_aranges
                0x00000000000001e8       0x20 LUFA/LUFA/Drivers/USB/Core/DeviceStandardReq.o
 .debug_aranges
                0x0000000000000208       0x20 LUFA/LUFA/Drivers/USB/Core/Events.o
 .debug_aranges
                0x0000000000000228       0x20 LUFA/LUFA/Drivers/USB/Core/USBTask.o
 .debug_aranges
                0x0000000000000248       0x20 /mnt/Work/dev/avr-gcc-12.1.0-x64-linux/bin/../lib/gcc/avr/12.1.0/avr5/libgcc.a(_exit.o)
 .debug_aranges
                0x0000000000000268       0x20 /mnt/Work/dev/avr-gcc-12.1.0-x64-linux/bin/../lib/gcc/avr/12.1.0/avr5/libgcc.a(_tablejump2.o)
 .debug_aranges
                0x0000000000000288       0x20 /mnt/Work/dev/avr-gcc-12.1.0-x64-linux/bin/../lib/gcc/avr/12.1.0/avr5/libgcc.a(_copy_data.o)
 .debug_aranges
                0x00000000000002a8       0x20 /mnt/Work/dev/avr-gcc-12.1.0-x64-linux/bin/../lib/gcc/avr/12.1.0/avr5/libgcc.a(_clear_bss.o)

.debug_pubnames
 *(.debug_pubnames)

.debug_info     0x0000000000000000     0x5bc4
 *(.debug_info .gnu.linkonce.wi.*)
 .debug_info    0x0000000000000000      0x9f4 /mnt/Work/dev/avr-gcc-12.1.0-x64-linux/bin/../lib/gcc/avr/12.1.0/../../../../avr/lib/avr5/crtatmega32u4.o
 .debug_info    0x00000000000009f4     0x101b Caterina.o
 .debug_info    0x0000000000001a0f      0x6cd Descriptors.o
 .debug_info    0x00000000000020dc      0x47e LUFA/LUFA/Drivers/USB/Core/AVR8/Endpoint_AVR8.o
 .debug_info    0x000000000000255a      0x52b LUFA/LUFA/Drivers/USB/Core/AVR8/USBController_AVR8.o
 .debug_info    0x0000000000002a85      0x722 LUFA/LUFA/Drivers/USB/Core/AVR8/USBInterrupt_AVR8.o
 .debug_info    0x00000000000031a7     0x1d35 LUFA/LUFA/Drivers/USB/Core/AVR8/EndpointStream_AVR8.o
 .debug_info    0x0000000000004edc      0x950 LUFA/LUFA/Drivers/USB/Core/DeviceStandardReq.o
 .debug_info    0x000000000000582c       0x79 LUFA/LUFA/Drivers/USB/Core/Events.o
 .debug_info    0x00000000000058a5      0x28f LUFA/LUFA/Drivers/USB/Core/USBTask.o
 .debug_info    0x0000000000005b34       0x24 /mnt/Work/dev/avr-gcc-12.1.0-x64-linux/bin/../lib/gcc/avr/12.1.0/avr5/libgcc.a(_exit.o)
 .debug_info    0x0000000000005b58       0x24 /mnt/Work/dev/avr-gcc-12.1.0-x64-linux/bin/../lib/gcc/avr/12.1.0/avr5/libgcc.a(_tablejump2.o)
 .debug_info    0x0000000000005b7c       0x24 /mnt/Work/dev/avr-gcc-12.1.0-x64-linux/bin/../lib/gcc/avr/12.1.0/avr5/libgcc.a(_copy_data.o)
 .debug_info    0x0000000000005ba0       0x24 /mnt/Work/dev/avr-gcc-12.1.0-x64-linux/bin/../lib/gcc/avr/12.1.0/avr5/libgcc.a(_clear_bss.o)

.debug_abbrev   0x0000000000000000     0x1c4d
 *(.debug_abbrev)
 .debug_abbrev  0x0000000000000000      0x96a /mnt/Work/dev/avr-gcc-12.1.0-x64-linux/bin/../lib/gcc/avr/12.1.0/../../../../avr/lib/avr5/crtatmega32u4.o
 .debug_abbrev  0x000000000000096a      0x4d2 Caterina.o
 .debug_abbrev  0x0000000000000e3c      0x137 Descriptors.o
 .debug_abbrev  0x0000000000000f73      0x1c1 LUFA/LUFA/Drivers/USB/Core/AVR8/Endpoint_AVR8.o
 .debug_abbrev  0x0000000000001134      0x215 LUFA/LUFA/Drivers/USB/Core/AVR8/USBController_AVR8.o
 .debug_abbrev  0x0000000000001349      0x1e8 LUFA/LUFA/Drivers/USB/Core/AVR8/USBInterrupt_AVR8.o
 .debug_abbrev  0x0000000000001531      0x218 LUFA/LUFA/Drivers/USB/Core/AVR8/EndpointStream_AVR8.o
 .debug_abbrev  0x0000000000001749      0x2c7 LUFA/LUFA/Drivers/USB/Core/DeviceStandardReq.o
 .debug_abbrev  0x0000000000001a10       0x46 LUFA/LUFA/Drivers/USB/Core/Events.o
 .debug_abbrev  0x0000000000001a56      0x1a7 LUFA/LUFA/Drivers/USB/Core/USBTask.o
 .debug_abbrev  0x0000000000001bfd       0x14 /mnt/Work/dev/avr-gcc-12.1.0-x64-linux/bin/../lib/gcc/avr/12.1.0/avr5/libgcc.a(_exit.o)
 .debug_abbrev  0x0000000000001c11       0x14 /mnt/Work/dev/avr-gcc-12.1.0-x64-linux/bin/../lib/gcc/avr/12.1.0/avr5/libgcc.a(_tablejump2.o)
 .debug_abbrev  0x0000000000001c25       0x14 /mnt/Work/dev/avr-gcc-12.1.0-x64-linux/bin/../lib/gcc/avr/12.1.0/avr5/libgcc.a(_copy_data.o)
 .debug_abbrev  0x0000000000001c39       0x14 /mnt/Work/dev/avr-gcc-12.1.0-x64-linux/bin/../lib/gcc/avr/12.1.0/avr5/libgcc.a(_clear_bss.o)

.debug_line     0x0000000000000000     0x6d70
 *(.debug_line .debug_line.* .debug_line_end)
 .debug_line    0x0000000000000000       0x1d /mnt/Work/dev/avr-gcc-12.1.0-x64-linux/bin/../lib/gcc/avr/12.1.0/../../../../avr/lib/avr5/crtatmega32u4.o
 .debug_line    0x000000000000001d     0x13c3 Caterina.o
 .debug_line    0x00000000000013e0      0x22b Descriptors.o
 .debug_line    0x000000000000160b      0x66e LUFA/LUFA/Drivers/USB/Core/AVR8/Endpoint_AVR8.o
 .debug_line    0x0000000000001c79      0x59a LUFA/LUFA/Drivers/USB/Core/AVR8/USBController_AVR8.o
 .debug_line    0x0000000000002213      0x9ae LUFA/LUFA/Drivers/USB/Core/AVR8/USBInterrupt_AVR8.o
 .debug_line    0x0000000000002bc1     0x32a6 LUFA/LUFA/Drivers/USB/Core/AVR8/EndpointStream_AVR8.o
 .debug_line    0x0000000000005e67      0xada LUFA/LUFA/Drivers/USB/Core/DeviceStandardReq.o
 .debug_line    0x0000000000006941       0x5c LUFA/LUFA/Drivers/USB/Core/Events.o
 .debug_line    0x000000000000699d      0x21d LUFA/LUFA/Drivers/USB/Core/USBTask.o
 .debug_line    0x0000000000006bba       0x51 /mnt/Work/dev/avr-gcc-12.1.0-x64-linux/bin/../lib/gcc/avr/12.1.0/avr5/libgcc.a(_exit.o)
 .debug_line    0x0000000000006c0b       0x69 /mnt/Work/dev/avr-gcc-12.1.0-x64-linux/bin/../lib/gcc/avr/12.1.0/avr5/libgcc.a(_tablejump2.o)
 .debug_line    0x0000000000006c74       0x87 /mnt/Work/dev/avr-gcc-12.1.0-x64-linux/bin/../lib/gcc/avr/12.1.0/avr5/libgcc.a(_copy_data.o)
 .debug_line    0x0000000000006cfb       0x75 /mnt/Work/dev/avr-gcc-12.1.0-x64-linux/bin/../lib/gcc/avr/12.1.0/avr5/libgcc.a(_clear_bss.o)

.debug_frame    0x0000000000000000      0x6fc
 *(.debug_frame)
 .debug_frame   0x0000000000000000      0x10c Caterina.o
 .debug_frame   0x000000000000010c       0x24 Descriptors.o
 .debug_frame   0x0000000000000130       0x54 LUFA/LUFA/Drivers/USB/Core/AVR8/Endpoint_AVR8.o
 .debug_frame   0x0000000000000184       0x58 LUFA/LUFA/Drivers/USB/Core/AVR8/USBController_AVR8.o
 .debug_frame   0x00000000000001dc       0x8c LUFA/LUFA/Drivers/USB/Core/AVR8/USBInterrupt_AVR8.o
 .debug_frame   0x0000000000000268      0x404 LUFA/LUFA/Drivers/USB/Core/AVR8/EndpointStream_AVR8.o
 .debug_frame   0x000000000000066c       0x40 LUFA/LUFA/Drivers/USB/Core/DeviceStandardReq.o
 .debug_frame   0x00000000000006ac       0x24 LUFA/LUFA/Drivers/USB/Core/Events.o
 .debug_frame   0x00000000000006d0       0x2c LUFA/LUFA/Drivers/USB/Core/USBTask.o

.debug_str      0x0000000000000000     0x21b6
 *(.debug_str)
 .debug_str     0x0000000000000000      0x374 /mnt/Work/dev/avr-gcc-12.1.0-x64-linux/bin/../lib/gcc/avr/12.1.0/../../../../avr/lib/avr5/crtatmega32u4.o
 .debug_str     0x0000000000000374      0x851 Caterina.o
                                        0x8e7 (size before relaxing)
 .debug_str     0x0000000000000bc5      0x718 Descriptors.o
                                        0x837 (size before relaxing)
 .debug_str     0x00000000000012dd      0x236 LUFA/LUFA/Drivers/USB/Core/AVR8/Endpoint_AVR8.o
                                        0x564 (size before relaxing)
 .debug_str     0x0000000000001513      0x242 LUFA/LUFA/Drivers/USB/Core/AVR8/USBController_AVR8.o
                                        0x524 (size before relaxing)
 .debug_str     0x0000000000001755      0x148 LUFA/LUFA/Drivers/USB/Core/AVR8/USBInterrupt_AVR8.o
                                        0x51a (size before relaxing)
 .debug_str     0x000000000000189d      0x498 LUFA/LUFA/Drivers/USB/Core/AVR8/EndpointStream_AVR8.o
                                        0x86e (size before relaxing)
 .debug_str     0x0000000000001d35      0x392 LUFA/LUFA/Drivers/USB/Core/DeviceStandardReq.o
                                        0x7d2 (size before relaxing)
 .debug_str     0x00000000000020c7       0x33 LUFA/LUFA/Drivers/USB/Core/Events.o
                                        0x1bf (size before relaxing)
 .debug_str     0x00000000000020fa       0x5d LUFA/LUFA/Drivers/USB/Core/USBTask.o
                                        0x370 (size before relaxing)
 .debug_str     0x0000000000002157       0x5f /mnt/Work/dev/avr-gcc-12.1.0-x64-linux/bin/../lib/gcc/avr/12.1.0/avr5/libgcc.a(_exit.o)
 .debug_str     0x00000000000021b6       0x5f /mnt/Work/dev/avr-gcc-12.1.0-x64-linux/bin/../lib/gcc/avr/12.1.0/avr5/libgcc.a(_tablejump2.o)
 .debug_str     0x00000000000021b6       0x5f /mnt/Work/dev/avr-gcc-12.1.0-x64-linux/bin/../lib/gcc/avr/12.1.0/avr5/libgcc.a(_copy_data.o)
 .debug_str     0x00000000000021b6       0x5f /mnt/Work/dev/avr-gcc-12.1.0-x64-linux/bin/../lib/gcc/avr/12.1.0/avr5/libgcc.a(_clear_bss.o)

.debug_loc      0x0000000000000000     0x3813
 *(.debug_loc)
 .debug_loc     0x0000000000000000      0x7a7 Caterina.o
 .debug_loc     0x00000000000007a7      0x1ec Descriptors.o
 .debug_loc     0x0000000000000993      0x15d LUFA/LUFA/Drivers/USB/Core/AVR8/Endpoint_AVR8.o
 .debug_loc     0x0000000000000af0       0xa1 LUFA/LUFA/Drivers/USB/Core/AVR8/USBController_AVR8.o
 .debug_loc     0x0000000000000b91      0x257 LUFA/LUFA/Drivers/USB/Core/AVR8/USBInterrupt_AVR8.o
 .debug_loc     0x0000000000000de8     0x2770 LUFA/LUFA/Drivers/USB/Core/AVR8/EndpointStream_AVR8.o
 .debug_loc     0x0000000000003558      0x259 LUFA/LUFA/Drivers/USB/Core/DeviceStandardReq.o
 .debug_loc     0x00000000000037b1       0x62 LUFA/LUFA/Drivers/USB/Core/USBTask.o

.debug_macinfo
 *(.debug_macinfo)

.debug_weaknames
 *(.debug_weaknames)

.debug_funcnames
 *(.debug_funcnames)

.debug_typenames
 *(.debug_typenames)

.debug_varnames
 *(.debug_varnames)

.debug_pubtypes
 *(.debug_pubtypes)

.debug_ranges   0x0000000000000000      0x438
 *(.debug_ranges)
 .debug_ranges  0x0000000000000000       0xb8 Caterina.o
 .debug_ranges  0x00000000000000b8       0x10 Descriptors.o
 .debug_ranges  0x00000000000000c8       0x40 LUFA/LUFA/Drivers/USB/Core/AVR8/Endpoint_AVR8.o
 .debug_ranges  0x0000000000000108       0x38 LUFA/LUFA/Drivers/USB/Core/AVR8/USBController_AVR8.o
 .debug_ranges  0x0000000000000140       0x20 LUFA/LUFA/Drivers/USB/Core/AVR8/USBInterrupt_AVR8.o
 .debug_ranges  0x0000000000000160      0x1f8 LUFA/LUFA/Drivers/USB/Core/AVR8/EndpointStream_AVR8.o
 .debug_ranges  0x0000000000000358       0xc0 LUFA/LUFA/Drivers/USB/Core/DeviceStandardReq.o
 .debug_ranges  0x0000000000000418       0x10 LUFA/LUFA/Drivers/USB/Core/Events.o
 .debug_ranges  0x0000000000000428       0x10 LUFA/LUFA/Drivers/USB/Core/USBTask.o

.debug_addr
 *(.debug_addr)

.debug_line_str
                0x0000000000000000       0x53
 *(.debug_line_str)
 .debug_line_str
                0x0000000000000000       0x53 /mnt/Work/dev/avr-gcc-12.1.0-x64-linux/bin/../lib/gcc/avr/12.1.0/avr5/libgcc.a(_exit.o)
                                         0x5f (size before relaxing)
 .debug_line_str
                0x0000000000000053       0x5f /mnt/Work/dev/avr-gcc-12.1.0-x64-linux/bin/../lib/gcc/avr/12.1.0/avr5/libgcc.a(_tablejump2.o)
 .debug_line_str
                0x0000000000000053       0x5f /mnt/Work/dev/avr-gcc-12.1.0-x64-linux/bin/../lib/gcc/avr/12.1.0/avr5/libgcc.a(_copy_data.o)
 .debug_line_str
                0x0000000000000053       0x5f /mnt/Work/dev/avr-gcc-12.1.0-x64-linux/bin/../lib/gcc/avr/12.1.0/avr5/libgcc.a(_clear_bss.o)

.debug_loclists
 *(.debug_loclists)

.debug_macro
 *(.debug_macro)

.debug_names
 *(.debug_names)

.debug_rnglists
 *(.debug_rnglists)

.debug_str_offsets
 *(.debug_str_offsets)

.debug_sup
 *(.debug_sup)
OUTPUT(Caterina.elf elf32-avr)
LOAD linker stubs

Cross Reference Table

Symbol                                            File
CALLBACK_HIDParser_FilterHIDReportItem            LUFA/LUFA/Drivers/USB/Class/Common/HIDParser.o
CALLBACK_USB_GetDescriptor                        Descriptors.o
                                                  LUFA/LUFA/Drivers/USB/Core/DeviceStandardReq.o
CDC_Task                                          Caterina.o
ConfigurationDescriptor                           Descriptors.o
DeviceDescriptor                                  Descriptors.o
EVENT_USB_Device_ConfigurationChanged             Caterina.o
                                                  LUFA/LUFA/Drivers/USB/Core/DeviceStandardReq.o
EVENT_USB_Device_Connect                          LUFA/LUFA/Drivers/USB/Core/Events.o
                                                  LUFA/LUFA/Drivers/USB/Core/AVR8/USBInterrupt_AVR8.o
EVENT_USB_Device_ControlRequest                   Caterina.o
                                                  LUFA/LUFA/Drivers/USB/Core/DeviceStandardReq.o
EVENT_USB_Device_Disconnect                       LUFA/LUFA/Drivers/USB/Core/Events.o
                                                  LUFA/LUFA/Drivers/USB/Core/AVR8/USBInterrupt_AVR8.o
EVENT_USB_Device_Reset                            LUFA/LUFA/Drivers/USB/Core/Events.o
                                                  LUFA/LUFA/Drivers/USB/Core/AVR8/USBInterrupt_AVR8.o
EVENT_USB_Device_StartOfFrame                     LUFA/LUFA/Drivers/USB/Core/Events.o
EVENT_USB_Device_Suspend                          LUFA/LUFA/Drivers/USB/Core/Events.o
                                                  LUFA/LUFA/Drivers/USB/Core/AVR8/USBInterrupt_AVR8.o
EVENT_USB_Device_WakeUp                           LUFA/LUFA/Drivers/USB/Core/Events.o
                                                  LUFA/LUFA/Drivers/USB/Core/AVR8/USBInterrupt_AVR8.o
Endpoint_ClearEndpoints                           LUFA/LUFA/Drivers/USB/Core/AVR8/Endpoint_AVR8.o
Endpoint_ClearStatusStage                         LUFA/LUFA/Drivers/USB/Core/AVR8/Endpoint_AVR8.o
                                                  LUFA/LUFA/Drivers/USB/Core/DeviceStandardReq.o
Endpoint_ConfigureEndpoint_Prv                    LUFA/LUFA/Drivers/USB/Core/AVR8/Endpoint_AVR8.o
                                                  LUFA/LUFA/Drivers/USB/Core/AVR8/USBInterrupt_AVR8.o
                                                  LUFA/LUFA/Drivers/USB/Core/AVR8/USBController_AVR8.o
                                                  Caterina.o
Endpoint_Discard_Stream                           LUFA/LUFA/Drivers/USB/Core/AVR8/EndpointStream_AVR8.o
Endpoint_Null_Stream                              LUFA/LUFA/Drivers/USB/Core/AVR8/EndpointStream_AVR8.o
Endpoint_Read_Control_EStream_BE                  LUFA/LUFA/Drivers/USB/Core/AVR8/EndpointStream_AVR8.o
Endpoint_Read_Control_EStream_LE                  LUFA/LUFA/Drivers/USB/Core/AVR8/EndpointStream_AVR8.o
Endpoint_Read_Control_Stream_BE                   LUFA/LUFA/Drivers/USB/Core/AVR8/EndpointStream_AVR8.o
Endpoint_Read_Control_Stream_LE                   LUFA/LUFA/Drivers/USB/Core/AVR8/EndpointStream_AVR8.o
                                                  Caterina.o
Endpoint_Read_EStream_BE                          LUFA/LUFA/Drivers/USB/Core/AVR8/EndpointStream_AVR8.o
Endpoint_Read_EStream_LE                          LUFA/LUFA/Drivers/USB/Core/AVR8/EndpointStream_AVR8.o
Endpoint_Read_Stream_BE                           LUFA/LUFA/Drivers/USB/Core/AVR8/EndpointStream_AVR8.o
Endpoint_Read_Stream_LE                           LUFA/LUFA/Drivers/USB/Core/AVR8/EndpointStream_AVR8.o
Endpoint_WaitUntilReady                           LUFA/LUFA/Drivers/USB/Core/AVR8/Endpoint_AVR8.o
                                                  LUFA/LUFA/Drivers/USB/Core/AVR8/EndpointStream_AVR8.o
Endpoint_Write_Control_EStream_BE                 LUFA/LUFA/Drivers/USB/Core/AVR8/EndpointStream_AVR8.o
Endpoint_Write_Control_EStream_LE                 LUFA/LUFA/Drivers/USB/Core/AVR8/EndpointStream_AVR8.o
Endpoint_Write_Control_PStream_BE                 LUFA/LUFA/Drivers/USB/Core/AVR8/EndpointStream_AVR8.o
Endpoint_Write_Control_PStream_LE                 LUFA/LUFA/Drivers/USB/Core/AVR8/EndpointStream_AVR8.o
Endpoint_Write_Control_Stream_BE                  LUFA/LUFA/Drivers/USB/Core/AVR8/EndpointStream_AVR8.o
Endpoint_Write_Control_Stream_LE                  LUFA/LUFA/Drivers/USB/Core/AVR8/EndpointStream_AVR8.o
                                                  LUFA/LUFA/Drivers/USB/Core/DeviceStandardReq.o
                                                  Caterina.o
Endpoint_Write_EStream_BE                         LUFA/LUFA/Drivers/USB/Core/AVR8/EndpointStream_AVR8.o
Endpoint_Write_EStream_LE                         LUFA/LUFA/Drivers/USB/Core/AVR8/EndpointStream_AVR8.o
Endpoint_Write_PStream_BE                         LUFA/LUFA/Drivers/USB/Core/AVR8/EndpointStream_AVR8.o
Endpoint_Write_PStream_LE                         LUFA/LUFA/Drivers/USB/Core/AVR8/EndpointStream_AVR8.o
Endpoint_Write_Stream_BE                          LUFA/LUFA/Drivers/USB/Core/AVR8/EndpointStream_AVR8.o
Endpoint_Write_Stream_LE                          LUFA/LUFA/Drivers/USB/Core/AVR8/EndpointStream_AVR8.o
LEDPulse                                          Caterina.o
LLEDPulse                                         Caterina.o
LanguageString                                    Descriptors.o
ManufNameString                                   Descriptors.o
ProductString                                     Descriptors.o
RxLEDPulse                                        Caterina.o
SetupHardware                                     Caterina.o
StartSketch                                       Caterina.o
Timeout                                           Caterina.o
TxLEDPulse                                        Caterina.o
USB_ControlRequest                                LUFA/LUFA/Drivers/USB/Core/USBTask.o
                                                  LUFA/LUFA/Drivers/USB/Core/DeviceStandardReq.o
                                                  LUFA/LUFA/Drivers/USB/Core/AVR8/EndpointStream_AVR8.o
                                                  LUFA/LUFA/Drivers/USB/Core/AVR8/Endpoint_AVR8.o
                                                  Caterina.o
USB_Device_ConfigurationNumber                    LUFA/LUFA/Drivers/USB/Core/DeviceStandardReq.o
                                                  LUFA/LUFA/Drivers/USB/Core/AVR8/USBInterrupt_AVR8.o
                                                  LUFA/LUFA/Drivers/USB/Core/AVR8/USBController_AVR8.o
USB_Device_ProcessControlRequest                  LUFA/LUFA/Drivers/USB/Core/DeviceStandardReq.o
                                                  LUFA/LUFA/Drivers/USB/Core/USBTask.o
USB_Device_SendRemoteWakeup                       LUFA/LUFA/Drivers/USB/Core/AVR8/Device_AVR8.o
USB_Disable                                       LUFA/LUFA/Drivers/USB/Core/AVR8/USBController_AVR8.o
USB_Event_Stub                                    LUFA/LUFA/Drivers/USB/Core/Events.o
USB_GetHIDReportItemInfo                          LUFA/LUFA/Drivers/USB/Class/Common/HIDParser.o
USB_GetHIDReportSize                              LUFA/LUFA/Drivers/USB/Class/Common/HIDParser.o
USB_GetNextDescriptorComp                         LUFA/LUFA/Drivers/USB/Core/ConfigDescriptor.o
USB_GetNextDescriptorOfType                       LUFA/LUFA/Drivers/USB/Core/ConfigDescriptor.o
USB_GetNextDescriptorOfTypeAfter                  LUFA/LUFA/Drivers/USB/Core/ConfigDescriptor.o
USB_GetNextDescriptorOfTypeBefore                 LUFA/LUFA/Drivers/USB/Core/ConfigDescriptor.o
USB_INT_ClearAllInterrupts                        LUFA/LUFA/Drivers/USB/Core/AVR8/USBInterrupt_AVR8.o
                                                  LUFA/LUFA/Drivers/USB/Core/AVR8/USBController_AVR8.o
USB_INT_DisableAllInterrupts                      LUFA/LUFA/Drivers/USB/Core/AVR8/USBInterrupt_AVR8.o
                                                  LUFA/LUFA/Drivers/USB/Core/AVR8/USBController_AVR8.o
USB_Init                                          LUFA/LUFA/Drivers/USB/Core/AVR8/USBController_AVR8.o
                                                  Caterina.o
USB_IsInitialized                                 LUFA/LUFA/Drivers/USB/Core/USBTask.o
                                                  LUFA/LUFA/Drivers/USB/Core/AVR8/USBController_AVR8.o
USB_ProcessHIDReport                              LUFA/LUFA/Drivers/USB/Class/Common/HIDParser.o
USB_ResetInterface                                LUFA/LUFA/Drivers/USB/Core/AVR8/USBController_AVR8.o
USB_SetHIDReportItemInfo                          LUFA/LUFA/Drivers/USB/Class/Common/HIDParser.o
USB_USBTask                                       LUFA/LUFA/Drivers/USB/Core/USBTask.o
                                                  LUFA/LUFA/Drivers/USB/Core/AVR8/EndpointStream_AVR8.o
                                                  Caterina.o
__FUSE_REGION_LENGTH__                            /mnt/Work/dev/avr-gcc-12.1.0-x64-linux/bin/../lib/gcc/avr/12.1.0/../../../../avr/lib/avr5/crtatmega32u4.o
__bad_interrupt                                   /mnt/Work/dev/avr-gcc-12.1.0-x64-linux/bin/../lib/gcc/avr/12.1.0/../../../../avr/lib/avr5/crtatmega32u4.o
__bss_end                                         /mnt/Work/dev/avr-gcc-12.1.0-x64-linux/bin/../lib/gcc/avr/12.1.0/avr5/libgcc.a(_clear_bss.o)
__bss_start                                       /mnt/Work/dev/avr-gcc-12.1.0-x64-linux/bin/../lib/gcc/avr/12.1.0/avr5/libgcc.a(_clear_bss.o)
__data_end                                        /mnt/Work/dev/avr-gcc-12.1.0-x64-linux/bin/../lib/gcc/avr/12.1.0/avr5/libgcc.a(_copy_data.o)
__data_load_start                                 /mnt/Work/dev/avr-gcc-12.1.0-x64-linux/bin/../lib/gcc/avr/12.1.0/avr5/libgcc.a(_copy_data.o)
__data_start                                      /mnt/Work/dev/avr-gcc-12.1.0-x64-linux/bin/../lib/gcc/avr/12.1.0/avr5/libgcc.a(_copy_data.o)
__do_clear_bss                                    /mnt/Work/dev/avr-gcc-12.1.0-x64-linux/bin/../lib/gcc/avr/12.1.0/avr5/libgcc.a(_clear_bss.o)
                                                  LUFA/LUFA/Drivers/USB/Core/USBTask.o
                                                  LUFA/LUFA/Drivers/USB/Core/DeviceStandardReq.o
                                                  Caterina.o
__do_copy_data                                    /mnt/Work/dev/avr-gcc-12.1.0-x64-linux/bin/../lib/gcc/avr/12.1.0/avr5/libgcc.a(_copy_data.o)
                                                  Descriptors.o
                                                  Caterina.o
__heap_end                                        /mnt/Work/dev/avr-gcc-12.1.0-x64-linux/bin/../lib/gcc/avr/12.1.0/../../../../avr/lib/avr5/crtatmega32u4.o
__init                                            /mnt/Work/dev/avr-gcc-12.1.0-x64-linux/bin/../lib/gcc/avr/12.1.0/../../../../avr/lib/avr5/crtatmega32u4.o
__stack                                           /mnt/Work/dev/avr-gcc-12.1.0-x64-linux/bin/../lib/gcc/avr/12.1.0/../../../../avr/lib/avr5/crtatmega32u4.o
__tablejump2__                                    /mnt/Work/dev/avr-gcc-12.1.0-x64-linux/bin/../lib/gcc/avr/12.1.0/avr5/libgcc.a(_tablejump2.o)
                                                  LUFA/LUFA/Drivers/USB/Core/DeviceStandardReq.o
                                                  Caterina.o
__vector_1                                        /mnt/Work/dev/avr-gcc-12.1.0-x64-linux/bin/../lib/gcc/avr/12.1.0/../../../../avr/lib/avr5/crtatmega32u4.o
__vector_10                                       LUFA/LUFA/Drivers/USB/Core/AVR8/USBInterrupt_AVR8.o
                                                  /mnt/Work/dev/avr-gcc-12.1.0-x64-linux/bin/../lib/gcc/avr/12.1.0/../../../../avr/lib/avr5/crtatmega32u4.o
__vector_11                                       /mnt/Work/dev/avr-gcc-12.1.0-x64-linux/bin/../lib/gcc/avr/12.1.0/../../../../avr/lib/avr5/crtatmega32u4.o
__vector_12                                       /mnt/Work/dev/avr-gcc-12.1.0-x64-linux/bin/../lib/gcc/avr/12.1.0/../../../../avr/lib/avr5/crtatmega32u4.o
__vector_13                                       /mnt/Work/dev/avr-gcc-12.1.0-x64-linux/bin/../lib/gcc/avr/12.1.0/../../../../avr/lib/avr5/crtatmega32u4.o
__vector_14                                       /mnt/Work/dev/avr-gcc-12.1.0-x64-linux/bin/../lib/gcc/avr/12.1.0/../../../../avr/lib/avr5/crtatmega32u4.o
__vector_15                                       /mnt/Work/dev/avr-gcc-12.1.0-x64-linux/bin/../lib/gcc/avr/12.1.0/../../../../avr/lib/avr5/crtatmega32u4.o
__vector_16                                       /mnt/Work/dev/avr-gcc-12.1.0-x64-linux/bin/../lib/gcc/avr/12.1.0/../../../../avr/lib/avr5/crtatmega32u4.o
__vector_17                                       Caterina.o
                                                  /mnt/Work/dev/avr-gcc-12.1.0-x64-linux/bin/../lib/gcc/avr/12.1.0/../../../../avr/lib/avr5/crtatmega32u4.o
__vector_18                                       /mnt/Work/dev/avr-gcc-12.1.0-x64-linux/bin/../lib/gcc/avr/12.1.0/../../../../avr/lib/avr5/crtatmega32u4.o
__vector_19                                       /mnt/Work/dev/avr-gcc-12.1.0-x64-linux/bin/../lib/gcc/avr/12.1.0/../../../../avr/lib/avr5/crtatmega32u4.o
__vector_2                                        /mnt/Work/dev/avr-gcc-12.1.0-x64-linux/bin/../lib/gcc/avr/12.1.0/../../../../avr/lib/avr5/crtatmega32u4.o
__vector_20                                       /mnt/Work/dev/avr-gcc-12.1.0-x64-linux/bin/../lib/gcc/avr/12.1.0/../../../../avr/lib/avr5/crtatmega32u4.o
__vector_21                                       /mnt/Work/dev/avr-gcc-12.1.0-x64-linux/bin/../lib/gcc/avr/12.1.0/../../../../avr/lib/avr5/crtatmega32u4.o
__vector_22                                       /mnt/Work/dev/avr-gcc-12.1.0-x64-linux/bin/../lib/gcc/avr/12.1.0/../../../../avr/lib/avr5/crtatmega32u4.o
__vector_23                                       /mnt/Work/dev/avr-gcc-12.1.0-x64-linux/bin/../lib/gcc/avr/12.1.0/../../../../avr/lib/avr5/crtatmega32u4.o
__vector_24                                       /mnt/Work/dev/avr-gcc-12.1.0-x64-linux/bin/../lib/gcc/avr/12.1.0/../../../../avr/lib/avr5/crtatmega32u4.o
__vector_25                                       /mnt/Work/dev/avr-gcc-12.1.0-x64-linux/bin/../lib/gcc/avr/12.1.0/../../../../avr/lib/avr5/crtatmega32u4.o
__vector_26                                       /mnt/Work/dev/avr-gcc-12.1.0-x64-linux/bin/../lib/gcc/avr/12.1.0/../../../../avr/lib/avr5/crtatmega32u4.o
__vector_27                                       /mnt/Work/dev/avr-gcc-12.1.0-x64-linux/bin/../lib/gcc/avr/12.1.0/../../../../avr/lib/avr5/crtatmega32u4.o
__vector_28                                       /mnt/Work/dev/avr-gcc-12.1.0-x64-linux/bin/../lib/gcc/avr/12.1.0/../../../../avr/lib/avr5/crtatmega32u4.o
__vector_29                                       /mnt/Work/dev/avr-gcc-12.1.0-x64-linux/bin/../lib/gcc/avr/12.1.0/../../../../avr/lib/avr5/crtatmega32u4.o
__vector_3                                        /mnt/Work/dev/avr-gcc-12.1.0-x64-linux/bin/../lib/gcc/avr/12.1.0/../../../../avr/lib/avr5/crtatmega32u4.o
__vector_30                                       /mnt/Work/dev/avr-gcc-12.1.0-x64-linux/bin/../lib/gcc/avr/12.1.0/../../../../avr/lib/avr5/crtatmega32u4.o
__vector_31                                       /mnt/Work/dev/avr-gcc-12.1.0-x64-linux/bin/../lib/gcc/avr/12.1.0/../../../../avr/lib/avr5/crtatmega32u4.o
__vector_32                                       /mnt/Work/dev/avr-gcc-12.1.0-x64-linux/bin/../lib/gcc/avr/12.1.0/../../../../avr/lib/avr5/crtatmega32u4.o
__vector_33                                       /mnt/Work/dev/avr-gcc-12.1.0-x64-linux/bin/../lib/gcc/avr/12.1.0/../../../../avr/lib/avr5/crtatmega32u4.o
__vector_34                                       /mnt/Work/dev/avr-gcc-12.1.0-x64-linux/bin/../lib/gcc/avr/12.1.0/../../../../avr/lib/avr5/crtatmega32u4.o
__vector_35                                       /mnt/Work/dev/avr-gcc-12.1.0-x64-linux/bin/../lib/gcc/avr/12.1.0/../../../../avr/lib/avr5/crtatmega32u4.o
__vector_36                                       /mnt/Work/dev/avr-gcc-12.1.0-x64-linux/bin/../lib/gcc/avr/12.1.0/../../../../avr/lib/avr5/crtatmega32u4.o
__vector_37                                       /mnt/Work/dev/avr-gcc-12.1.0-x64-linux/bin/../lib/gcc/avr/12.1.0/../../../../avr/lib/avr5/crtatmega32u4.o
__vector_38                                       /mnt/Work/dev/avr-gcc-12.1.0-x64-linux/bin/../lib/gcc/avr/12.1.0/../../../../avr/lib/avr5/crtatmega32u4.o
__vector_39                                       /mnt/Work/dev/avr-gcc-12.1.0-x64-linux/bin/../lib/gcc/avr/12.1.0/../../../../avr/lib/avr5/crtatmega32u4.o
__vector_4                                        /mnt/Work/dev/avr-gcc-12.1.0-x64-linux/bin/../lib/gcc/avr/12.1.0/../../../../avr/lib/avr5/crtatmega32u4.o
__vector_40                                       /mnt/Work/dev/avr-gcc-12.1.0-x64-linux/bin/../lib/gcc/avr/12.1.0/../../../../avr/lib/avr5/crtatmega32u4.o
__vector_41                                       /mnt/Work/dev/avr-gcc-12.1.0-x64-linux/bin/../lib/gcc/avr/12.1.0/../../../../avr/lib/avr5/crtatmega32u4.o
__vector_42                                       /mnt/Work/dev/avr-gcc-12.1.0-x64-linux/bin/../lib/gcc/avr/12.1.0/../../../../avr/lib/avr5/crtatmega32u4.o
__vector_5                                        /mnt/Work/dev/avr-gcc-12.1.0-x64-linux/bin/../lib/gcc/avr/12.1.0/../../../../avr/lib/avr5/crtatmega32u4.o
__vector_6                                        /mnt/Work/dev/avr-gcc-12.1.0-x64-linux/bin/../lib/gcc/avr/12.1.0/../../../../avr/lib/avr5/crtatmega32u4.o
__vector_7                                        /mnt/Work/dev/avr-gcc-12.1.0-x64-linux/bin/../lib/gcc/avr/12.1.0/../../../../avr/lib/avr5/crtatmega32u4.o
__vector_8                                        /mnt/Work/dev/avr-gcc-12.1.0-x64-linux/bin/../lib/gcc/avr/12.1.0/../../../../avr/lib/avr5/crtatmega32u4.o
__vector_9                                        /mnt/Work/dev/avr-gcc-12.1.0-x64-linux/bin/../lib/gcc/avr/12.1.0/../../../../avr/lib/avr5/crtatmega32u4.o
__vector_default                                  /mnt/Work/dev/avr-gcc-12.1.0-x64-linux/bin/../lib/gcc/avr/12.1.0/../../../../avr/lib/avr5/crtatmega32u4.o
__vectors                                         /mnt/Work/dev/avr-gcc-12.1.0-x64-linux/bin/../lib/gcc/avr/12.1.0/../../../../avr/lib/avr5/crtatmega32u4.o
_exit                                             /mnt/Work/dev/avr-gcc-12.1.0-x64-linux/bin/../lib/gcc/avr/12.1.0/avr5/libgcc.a(_exit.o)
bootKey                                           Caterina.o
bootKeyPtr                                        Caterina.o
eeprom_read_byte                                  /mnt/Work/dev/avr-gcc-12.1.0-x64-linux/bin/../lib/gcc/avr/12.1.0/../../../../avr/lib/avr5/libatmega32u4.a(eerd_byte.o)
                                                  LUFA/LUFA/Drivers/USB/Core/AVR8/EndpointStream_AVR8.o
                                                  Caterina.o
eeprom_update_byte                                /mnt/Work/dev/avr-gcc-12.1.0-x64-linux/bin/../lib/gcc/avr/12.1.0/../../../../avr/lib/avr5/libatmega32u4.a(eeupd_byte.o)
                                                  LUFA/LUFA/Drivers/USB/Core/AVR8/EndpointStream_AVR8.o
eeprom_update_r18                                 /mnt/Work/dev/avr-gcc-12.1.0-x64-linux/bin/../lib/gcc/avr/12.1.0/../../../../avr/lib/avr5/libatmega32u4.a(eeupd_byte.o)
eeprom_write_byte                                 /mnt/Work/dev/avr-gcc-12.1.0-x64-linux/bin/../lib/gcc/avr/12.1.0/../../../../avr/lib/avr5/libatmega32u4.a(eewr_byte.o)
                                                  Caterina.o
eeprom_write_r18                                  /mnt/Work/dev/avr-gcc-12.1.0-x64-linux/bin/../lib/gcc/avr/12.1.0/../../../../avr/lib/avr5/libatmega32u4.a(eewr_byte.o)
exit                                              /mnt/Work/dev/avr-gcc-12.1.0-x64-linux/bin/../lib/gcc/avr/12.1.0/avr5/libgcc.a(_exit.o)
                                                  /mnt/Work/dev/avr-gcc-12.1.0-x64-linux/bin/../lib/gcc/avr/12.1.0/../../../../avr/lib/avr5/crtatmega32u4.o
main                                              Caterina.o
                                                  /mnt/Work/dev/avr-gcc-12.1.0-x64-linux/bin/../lib/gcc/avr/12.1.0/../../../../avr/lib/avr5/crtatmega32u4.o
memcpy                                            /mnt/Work/dev/avr-gcc-12.1.0-x64-linux/bin/../lib/gcc/avr/12.1.0/../../../../avr/lib/avr5/libc.a(memcpy.o)
                                                  /mnt/Work/dev/avr-gcc-12.1.0-x64-linux/bin/../lib/gcc/avr/12.1.0/../../../../avr/lib/avr5/libc.a(memmove.o)
memmove                                           /mnt/Work/dev/avr-gcc-12.1.0-x64-linux/bin/../lib/gcc/avr/12.1.0/../../../../avr/lib/avr5/libc.a(memmove.o)
                                                  LUFA/LUFA/Drivers/USB/Class/Common/HIDParser.o
